L = 7
+00000 (A,   24) +00024 (F, 9976) 
L = 7->49
+00000 (A,   24) +00024 (A,   24) +00048 (F, 9952) 
L = 7->49->73
+00000 (A,   24) +00024 (A,   24) +00048 (A,   24) +00072 (F, 9928) 
L = 7->49->58->73
+00000 (A,   24) +00024 (A,   24) +00048 (A,   24) +00072 (A,   24) +00096 (F, 9904) 

L = 7->30->49->58->73
+00000 (A,   24) +00024 (A,   24) +00048 (A,   24) +00072 (A,   24) +00096 (A,   24) 
+00120 (F, 9880) 
L = 7->30->49->58->72->73
+00000 (A,   24) +00024 (A,   24) +00048 (A,   24) +00072 (A,   24) +00096 (A,   24) 
+00120 (A,   24) +00144 (F, 9856) 
L = 7->30->44->49->58->72->73
+00000 (A,   24) +00024 (A,   24) +00048 (A,   24) +00072 (A,   24) +00096 (A,   24) 
+00120 (A,   24) +00144 (A,   24) +00168 (F, 9832) 
L = 7->30->44->49->58->72->73->78
+00000 (A,   24) +00024 (A,   24) +00048 (A,   24) +00072 (A,   24) +00096 (A,   24) 
+00120 (A,   24) +00144 (A,   24) +00168 (A,   24) +00192 (F, 9808) 
L = 7->23->30->44->49->58->72->73->78
+00000 (A,   24) +00024 (A,   24) +00048 (A,   24) +00072 (A,   24) +00096 (A,   24) 
+00120 (A,   24) +00144 (A,   24) +00168 (A,   24) +00192 (A,   24) +00216 (F, 9784) 

L = 7->9->23->30->44->49->58->72->73->78
+00000 (A,   24) +00024 (A,   24) +00048 (A,   24) +00072 (A,   24) +00096 (A,   24) 
+00120 (A,   24) +00144 (A,   24) +00168 (A,   24) +00192 (A,   24) +00216 (A,   24) 
+00240 (F, 9760) 
L = 7->9->23->30->40->44->49->58->72->73->78
+00000 (A,   24) +00024 (A,   24) +00048 (A,   24) +00072 (A,   24) +00096 (A,   24) 
+00120 (A,   24) +00144 (A,   24) +00168 (A,   24) +00192 (A,   24) +00216 (A,   24) 
+00240 (A,   24) +00264 (F, 9736) 
L = 7->9->23->30->40->44->49->58->65->72->73->78
+00000 (A,   24) +00024 (A,   24) +00048 (A,   24) +00072 (A,   24) +00096 (A,   24) 
+00120 (A,   24) +00144 (A,   24) +00168 (A,   24) +00192 (A,   24) +00216 (A,   24) 
+00240 (A,   24) +00264 (A,   24) +00288 (F, 9712) 
L = 7->9->23->30->40->44->49->58->65->72->73->78->92
+00000 (A,   24) +00024 (A,   24) +00048 (A,   24) +00072 (A,   24) +00096 (A,   24) 
+00120 (A,   24) +00144 (A,   24) +00168 (A,   24) +00192 (A,   24) +00216 (A,   24) 
+00240 (A,   24) +00264 (A,   24) +00288 (A,   24) +00312 (F, 9688) 
L = 7->9->23->30->40->42->44->49->58->65->72->73->78->92
+00000 (A,   24) +00024 (A,   24) +00048 (A,   24) +00072 (A,   24) +00096 (A,   24) 
+00120 (A,   24) +00144 (A,   24) +00168 (A,   24) +00192 (A,   24) +00216 (A,   24) 
+00240 (A,   24) +00264 (A,   24) +00288 (A,   24) +00312 (A,   24) +00336 (F, 9664) 

L = 7->9->23->30->40->42->44->49->58->65->72->73->78->87->92
+00000 (A,   24) +00024 (A,   24) +00048 (A,   24) +00072 (A,   24) +00096 (A,   24) 
+00120 (A,   24) +00144 (A,   24) +00168 (A,   24) +00192 (A,   24) +00216 (A,   24) 
+00240 (A,   24) +00264 (A,   24) +00288 (A,   24) +00312 (A,   24) +00336 (A,   24) 
+00360 (F, 9640) 
L = 3->7->9->23->30->40->42->44->49->58->65->72->73->78->87->92
+00000 (A,   24) +00024 (A,   24) +00048 (A,   24) +00072 (A,   24) +00096 (A,   24) 
+00120 (A,   24) +00144 (A,   24) +00168 (A,   24) +00192 (A,   24) +00216 (A,   24) 
+00240 (A,   24) +00264 (A,   24) +00288 (A,   24) +00312 (A,   24) +00336 (A,   24) 
+00360 (A,   24) +00384 (F, 9616) 
L = 3->7->9->23->27->30->40->42->44->49->58->65->72->73->78->87->92
+00000 (A,   24) +00024 (A,   24) +00048 (A,   24) +00072 (A,   24) +00096 (A,   24) 
+00120 (A,   24) +00144 (A,   24) +00168 (A,   24) +00192 (A,   24) +00216 (A,   24) 
+00240 (A,   24) +00264 (A,   24) +00288 (A,   24) +00312 (A,   24) +00336 (A,   24) 
+00360 (A,   24) +00384 (A,   24) +00408 (F, 9592) 
L = 3->7->9->23->27->29->30->40->42->44->49->58->65->72->73->78->87->92
+00000 (A,   24) +00024 (A,   24) +00048 (A,   24) +00072 (A,   24) +00096 (A,   24) 
+00120 (A,   24) +00144 (A,   24) +00168 (A,   24) +00192 (A,   24) +00216 (A,   24) 
+00240 (A,   24) +00264 (A,   24) +00288 (A,   24) +00312 (A,   24) +00336 (A,   24) 
+00360 (A,   24) +00384 (A,   24) +00408 (A,   24) +00432 (F, 9568) 
L = 3->7->9->23->27->29->30->40->40->42->44->49->58->65->72->73->78->87->92
+00000 (A,   24) +00024 (A,   24) +00048 (A,   24) +00072 (A,   24) +00096 (A,   24) 
+00120 (A,   24) +00144 (A,   24) +00168 (A,   24) +00192 (A,   24) +00216 (A,   24) 
+00240 (A,   24) +00264 (A,   24) +00288 (A,   24) +00312 (A,   24) +00336 (A,   24) 
+00360 (A,   24) +00384 (A,   24) +00408 (A,   24) +00432 (A,   24) +00456 (F, 9544) 

L = 3->7->9->12->23->27->29->30->40->40->42->44->49->58->65->72->73->78->87->92
+00000 (A,   24) +00024 (A,   24) +00048 (A,   24) +00072 (A,   24) +00096 (A,   24) 
+00120 (A,   24) +00144 (A,   24) +00168 (A,   24) +00192 (A,   24) +00216 (A,   24) 
+00240 (A,   24) +00264 (A,   24) +00288 (A,   24) +00312 (A,   24) +00336 (A,   24) 
+00360 (A,   24) +00384 (A,   24) +00408 (A,   24) +00432 (A,   24) +00456 (A,   24) 
+00480 (F, 9520) 
After freeList ...
+00000 (F,10000) 
