Loaded: /usr/local/lib/spim/exceptions.s
[H[2JIteration 0
........................................
........................................
........................................
........................................
........................................
........................................
........................................
........................................
........................................
........................................
.................@ooooo.................
........................................
........................................
........................................
........................................
........................................
........................................
........................................
