Tree:
     12
     / \
    /   \
   /     \
  8      90
 / \     /
7  10   13
         \
         15
           \
           16

#nodes = 8,  #leaves = 3
Infix  : 7 8 10 12 13 15 16 90 
Prefix : 12 8 7 10 90 13 15 16 
Postfix: 7 10 8 16 15 13 90 12 
ByLevel: 12 8 90 7 10 13 15 16 
